// Jest Snapshot v1, https://goo.gl/fbAQLP

exports[`Test Results Parsing should parse a go test results file input 1`] = `
{
  "elapsed": 551.993,
  "status": "fail",
  "testType": "go",
  "tests": {
    "Test5NodesPlus2MiningGethsReorgEnv": {
      "elapsed": 522.96,
      "status": "fail",
    },
    "TestMinResources5NodesEnvWithBlockscout": {
      "elapsed": 506.4,
      "status": "pass",
    },
  },
}
`;
