// Jest Snapshot v1, https://goo.gl/fbAQLP

exports[`Util tests timestamp handling conversion should convert 2022-06-15T01:01:00Z to a unix timestamp 1`] = `1655254860`;

exports[`Util tests timestamp handling conversion should convert 2022-06-15T01:01:00Z to a unix timestamp 2`] = `"2022-06-15T01:01:00.000Z"`;

exports[`Util tests timestamp handling conversion should convert 2022-06-15T01:01:00Z to a unix timestamp 3`] = `1655254860`;

exports[`Util tests timestamp handling conversion should convert 2022-06-15T01:01:00Z to a unix timestamp 4`] = `"2022-06-15T01:01:00.000Z"`;

exports[`Util tests timestamp handling conversion should convert 2022-06-15T01:01:13Z to a unix timestamp 1`] = `1655254873`;

exports[`Util tests timestamp handling conversion should convert 2022-06-15T01:01:13Z to a unix timestamp 2`] = `"2022-06-15T01:01:13.000Z"`;

exports[`Util tests timestamp handling conversion should convert 2022-06-15T01:01:17Z to a unix timestamp 1`] = `1655254877`;

exports[`Util tests timestamp handling conversion should convert 2022-06-15T01:01:17Z to a unix timestamp 2`] = `"2022-06-15T01:01:17.000Z"`;
